---
source: core/tests/suite/compact_resume_fork.rs
expression: "context_snapshot::format_labeled_requests_snapshot(\"rollback past compaction replay after rollback\",\n&[(\"compaction request\", &requests[1]), (\"before rollback\", &requests[2]),\n(\"after rollback\", &requests[3]),],\n&ContextSnapshotOptions::default().strip_capability_instructions().render_mode(ContextSnapshotRenderMode::KindWithTextPrefix\n{ max_chars: 64 }),)"
---
Scenario: rollback past compaction replay after rollback

## compaction request
00:message/developer[2]:
    [01] <PERMISSIONS_INSTRUCTIONS>
    [02] <personality_spec> The user has requested a new communication st...
01:message/user:<ENVIRONMENT_CONTEXT:cwd=<CWD>>
02:message/user:[U1]\nhello world
03:message/assistant:FIRST_REPLY
04:message/user:<SUMMARIZATION_PROMPT>

## before rollback
00:message/user:[U1]\nhello world
01:message/user:<COMPACTION_SUMMARY>\nSUMMARY_ONLY_CONTEXT
02:message/developer[2]:
    [01] <PERMISSIONS_INSTRUCTIONS>
    [02] <personality_spec> The user has requested a new communication st...
03:message/user:<ENVIRONMENT_CONTEXT:cwd=<CWD>>
04:message/user:[U2]\nEDITED_AFTER_COMPACT
05:message/developer:<spine_status cursor="2" summary="root" parent="none" parent_sum...

## after rollback
00:message/user:[U1]\nhello world
01:message/user:<COMPACTION_SUMMARY>\nSUMMARY_ONLY_CONTEXT
02:message/developer[2]:
    [01] <PERMISSIONS_INSTRUCTIONS>
    [02] <personality_spec> The user has requested a new communication st...
03:message/user:<ENVIRONMENT_CONTEXT:cwd=<CWD>>
04:message/user:[U2]\nAFTER_ROLLBACK
05:message/developer:<spine_status cursor="2" summary="root" parent="none" parent_sum...
