---
source: core/tests/suite/compact_resume_fork.rs
expression: "context_snapshot::format_labeled_requests_snapshot(\"rollback trims pre-turn override context updates before the follow-up request\",\n&[(\"rolled-back turn request\", &requests[1]),\n(\"follow-up request after rollback\", &requests[2]),],\n&ContextSnapshotOptions::default().strip_capability_instructions().render_mode(ContextSnapshotRenderMode::KindWithTextPrefix\n{ max_chars: 96 }),)"
---
Scenario: rollback trims pre-turn override context updates before the follow-up request

## rolled-back turn request
00:message/developer[2]:
    [01] <PERMISSIONS_INSTRUCTIONS>
    [02] <personality_spec> The user has requested a new communication style. Future messages should adhe...
01:message/user:<ENVIRONMENT_CONTEXT:cwd=<CWD>>
02:message/user:[U1]\nturn 1 user
03:message/assistant:turn 1 assistant
04:message/developer:<collaboration_mode>ROLLED_BACK_DEV_INSTRUCTIONS</collaboration_mode>
05:message/user:<ENVIRONMENT_CONTEXT:cwd=PRETURN_CONTEXT_DIFF_CWD>
06:message/user:[U2]\nturn 2 user
07:message/developer:<spine_status cursor="1" summary="root" parent="none" parent_summary="none" cursor_context="unav...

## follow-up request after rollback
00:message/developer[2]:
    [01] <PERMISSIONS_INSTRUCTIONS>
    [02] <personality_spec> The user has requested a new communication style. Future messages should adhe...
01:message/user:<ENVIRONMENT_CONTEXT:cwd=<CWD>>
02:message/user:[U1]\nturn 1 user
03:message/assistant:turn 1 assistant
04:message/developer:<collaboration_mode>ROLLED_BACK_DEV_INSTRUCTIONS</collaboration_mode>
05:message/user:<ENVIRONMENT_CONTEXT:cwd=PRETURN_CONTEXT_DIFF_CWD>
06:message/user:[U2]\nfollow-up user
07:message/developer:<spine_status cursor="1" summary="root" parent="none" parent_summary="none" cursor_context="unav...
